python : C:\Users\Kann
an\AppData\Local\Progr
ams\Python\Python313\L
ib\site-packages\pygam
e\pkgdata.py:25: 
UserWarning: 
pkg_resources is 
deprecated as an API. 
See https://setuptools
.pypa.io/en/latest/pkg
_resources.html. The 
pkg_resources package 
is slated for removal 
as early as 
2025-11-30. Refrain 
from using this 
package or pin to 
Setuptools<81.
At line:1 char:1
+ python 
test_scenarios.py 
2>&1 > d:\tancam\test_
output.txt
+ ~~~~~~~~~~~~~~~~~~~~
~~~~~~~~~~~~~~~~~~~~~~
~~~~~~~~~~~~~~~
    + CategoryInfo    
          : NotSpeci  
  fied: (C:\Users\K   
 annan... Setuptoo    
ls<81.:String) []    
, RemoteException
    + FullyQualifiedE 
   rrorId : NativeCo  
  mmandError
 
  from pkg_resources 
import 
resource_stream, 
resource_exists
pygame 2.6.1 (SDL 2.28.4, Python 3.13.9)
Hello from the pygame community. https://www.pygame.org/contribute.html
======================================================================
  TNI26165 ù BRUTAL TEST SUITE (100+ Scenarios)
======================================================================
Traceback (most 
recent call last):
  File "D:\tancam\test
_scenarios.py", line 
889, in <module>
    success = 
run_all()
  File "D:\tancam\test
_scenarios.py", line 
80, in run_all
    
print("\n\u2500\u2500 
CATEGORY 1: Signal 
Phase Sequence 
\u2500\u2500")
    ~~~~~^^^^^^^^^^^^^
^^^^^^^^^^^^^^^^^^^^^^
^^^^^^^^^^
  File "C:\Users\Kanna
n\AppData\Local\Progra
ms\Python\Python313\Li
b\encodings\cp1252.py"
, line 19, in encode
    return codecs.char
map_encode(input,self.
errors,encoding_table)
[0]
           ~~~~~~~~~~~
~~~~~~~~~~^^^^^^^^^^^^
^^^^^^^^^^^^^^^^^^^^^^
UnicodeEncodeError: 
'charmap' codec can't 
encode characters in 
position 2-3: 
character maps to 
<undefined>
